// Jest Snapshot v1, https://goo.gl/fbAQLP

exports[`should export all the things 1`] = `
{
  "at": [Function],
  "average": [Function],
  "batch": [Function],
  "chunk": [Function],
  "compact": [Function],
  "compose": [Function],
  "concat": [Function],
  "delay": [Function],
  "every": [Function],
  "filter": [Function],
  "find": [Function],
  "findIndex": [Function],
  "first": [Function],
  "flatMap": [Function],
  "flatten": [Function],
  "generate": [Function],
  "groupBy": [Function],
  "head": [Function],
  "includes": [Function],
  "join": [Function],
  "map": [Function],
  "max": [Function],
  "mean": [Function],
  "min": [Function],
  "partition": [Function],
  "pipe": [Function],
  "product": [Function],
  "range": [Function],
  "reduce": [Function],
  "reverse": [Function],
  "skip": [Function],
  "slice": [Function],
  "some": [Function],
  "sort": [Function],
  "sum": [Function],
  "take": [Function],
  "takeWhile": [Function],
  "tap": [Function],
  "toArray": [Function],
  "unique": [Function],
  "wait": [Function],
  "where": [Function],
  "windows": [Function],
  "zip": [Function],
}
`;
